// Jest Snapshot v1, https://goo.gl/fbAQLP

exports[`Todo items render desk input render 1`] = `
<input
  aria-required="true"
  class="ant-input ant-input-disabled css-dev-only-do-not-override-1htoz2s ant-input-outlined"
  disabled=""
  id="newTodo"
  placeholder="What needs to be done?"
  type="text"
  value=""
/>
`;

exports[`Todo items render input event 1`] = `
<input
  aria-required="true"
  class="ant-input ant-input-disabled css-dev-only-do-not-override-1htoz2s ant-input-outlined"
  disabled=""
  id="newTodo"
  placeholder="What needs to be done?"
  type="text"
  value=""
/>
`;

exports[`renders App items 1`] = `
<input
  aria-required="true"
  class="ant-input ant-input-disabled css-dev-only-do-not-override-1htoz2s ant-input-outlined"
  disabled=""
  id="newTodo"
  placeholder="What needs to be done?"
  type="text"
  value=""
/>
`;

exports[`renders App items render  1`] = `
<input
  aria-required="true"
  class="ant-input ant-input-disabled css-dev-only-do-not-override-1htoz2s ant-input-outlined"
  disabled=""
  id="newTodo"
  placeholder="What needs to be done?"
  type="text"
  value=""
/>
`;

exports[`renders App items render desk input 1`] = `
<input
  aria-required="true"
  class="ant-input ant-input-disabled css-dev-only-do-not-override-1htoz2s ant-input-outlined"
  disabled=""
  id="newTodo"
  placeholder="What needs to be done?"
  type="text"
  value=""
/>
`;

exports[`renders App items render desk label 1`] = `
<input
  aria-required="true"
  class="ant-input ant-input-disabled css-dev-only-do-not-override-1htoz2s ant-input-outlined"
  disabled=""
  id="newTodo"
  placeholder="What needs to be done?"
  type="text"
  value=""
/>
`;

exports[`renders App items renders App items 1`] = `
<input
  aria-required="true"
  class="ant-input ant-input-disabled css-dev-only-do-not-override-1htoz2s ant-input-outlined"
  disabled=""
  id="newTodo"
  placeholder="What needs to be done?"
  type="text"
  value=""
/>
`;

exports[`renders Todo items  desk input 1`] = `
<input
  aria-required="true"
  class="ant-input ant-input-disabled css-dev-only-do-not-override-1htoz2s ant-input-outlined"
  disabled=""
  id="newTodo"
  placeholder="What needs to be done?"
  type="text"
  value=""
/>
`;

exports[`renders Todo items render desk input 1`] = `
<input
  aria-required="true"
  class="ant-input ant-input-disabled css-dev-only-do-not-override-1htoz2s ant-input-outlined"
  disabled=""
  id="newTodo"
  placeholder="What needs to be done?"
  type="text"
  value=""
/>
`;

exports[`renders desk label 1`] = `
<input
  aria-required="true"
  class="ant-input ant-input-disabled css-dev-only-do-not-override-1htoz2s ant-input-outlined"
  disabled=""
  id="newTodo"
  placeholder="What needs to be done?"
  type="text"
  value=""
/>
`;
